  Determining projects to restore...
  Restored C:\Users\HAMID-PC\Desktop\SampleProjects\HR.Manager\HRMProject\src\Core\JavidHrm.Domain\JavidHrm.Domain.csproj (in 450 ms).
C:\Users\HAMID-PC\Desktop\SampleProjects\HR.Manager\HRMProject\src\Infrastructure\JavidHrm.Infrastructure.Persistence\JavidHrm.Infrastructure.Persistence.csproj : error NU1301: Unable to get repository signature information for source https://api.nuget.org/v3-index/repository-signatures/5.0.0/index.json. [C:\Users\HAMID-PC\Desktop\SampleProjects\HR.Manager\HRMProject\JavidHrm.sln]
C:\Users\HAMID-PC\Desktop\SampleProjects\HR.Manager\HRMProject\src\Infrastructure\JavidHrm.Infrastructure.Persistence\JavidHrm.Infrastructure.Persistence.csproj : error NU1301:   The SSL connection could not be established, see inner exception. [C:\Users\HAMID-PC\Desktop\SampleProjects\HR.Manager\HRMProject\JavidHrm.sln]
C:\Users\HAMID-PC\Desktop\SampleProjects\HR.Manager\HRMProject\src\Infrastructure\JavidHrm.Infrastructure.Persistence\JavidHrm.Infrastructure.Persistence.csproj : error NU1301:   Received an unexpected EOF or 0 bytes from the transport stream. [C:\Users\HAMID-PC\Desktop\SampleProjects\HR.Manager\HRMProject\JavidHrm.sln]
C:\Users\HAMID-PC\Desktop\SampleProjects\HR.Manager\HRMProject\src\Presentation\JavidHrm.WebFramework\JavidHrm.WebFramework.csproj : error NU1301: Unable to get repository signature information for source https://api.nuget.org/v3-index/repository-signatures/5.0.0/index.json. [C:\Users\HAMID-PC\Desktop\SampleProjects\HR.Manager\HRMProject\JavidHrm.sln]
C:\Users\HAMID-PC\Desktop\SampleProjects\HR.Manager\HRMProject\src\Presentation\JavidHrm.WebFramework\JavidHrm.WebFramework.csproj : error NU1301:   The SSL connection could not be established, see inner exception. [C:\Users\HAMID-PC\Desktop\SampleProjects\HR.Manager\HRMProject\JavidHrm.sln]
C:\Users\HAMID-PC\Desktop\SampleProjects\HR.Manager\HRMProject\src\Presentation\JavidHrm.WebFramework\JavidHrm.WebFramework.csproj : error NU1301:   Received an unexpected EOF or 0 bytes from the transport stream. [C:\Users\HAMID-PC\Desktop\SampleProjects\HR.Manager\HRMProject\JavidHrm.sln]
C:\Users\HAMID-PC\Desktop\SampleProjects\HR.Manager\HRMProject\src\Infrastructure\JavidHrm.Infrastructure.Persistence\JavidHrm.Infrastructure.Persistence.csproj : error NU1301: Unable to get repository signature information for source https://api.nuget.org/v3-index/repository-signatures/5.0.0/index.json. [C:\Users\HAMID-PC\Desktop\SampleProjects\HR.Manager\HRMProject\JavidHrm.sln]
C:\Users\HAMID-PC\Desktop\SampleProjects\HR.Manager\HRMProject\src\Infrastructure\JavidHrm.Infrastructure.Persistence\JavidHrm.Infrastructure.Persistence.csproj : error NU1301:   The SSL connection could not be established, see inner exception. [C:\Users\HAMID-PC\Desktop\SampleProjects\HR.Manager\HRMProject\JavidHrm.sln]
C:\Users\HAMID-PC\Desktop\SampleProjects\HR.Manager\HRMProject\src\Infrastructure\JavidHrm.Infrastructure.Persistence\JavidHrm.Infrastructure.Persistence.csproj : error NU1301:   Received an unexpected EOF or 0 bytes from the transport stream. [C:\Users\HAMID-PC\Desktop\SampleProjects\HR.Manager\HRMProject\JavidHrm.sln]
C:\Users\HAMID-PC\Desktop\SampleProjects\HR.Manager\HRMProject\src\Presentation\JavidHrm.WebFramework\JavidHrm.WebFramework.csproj : error NU1301: Unable to get repository signature information for source https://api.nuget.org/v3-index/repository-signatures/5.0.0/index.json. [C:\Users\HAMID-PC\Desktop\SampleProjects\HR.Manager\HRMProject\JavidHrm.sln]
C:\Users\HAMID-PC\Desktop\SampleProjects\HR.Manager\HRMProject\src\Presentation\JavidHrm.WebFramework\JavidHrm.WebFramework.csproj : error NU1301:   The SSL connection could not be established, see inner exception. [C:\Users\HAMID-PC\Desktop\SampleProjects\HR.Manager\HRMProject\JavidHrm.sln]
C:\Users\HAMID-PC\Desktop\SampleProjects\HR.Manager\HRMProject\src\Presentation\JavidHrm.WebFramework\JavidHrm.WebFramework.csproj : error NU1301:   Received an unexpected EOF or 0 bytes from the transport stream. [C:\Users\HAMID-PC\Desktop\SampleProjects\HR.Manager\HRMProject\JavidHrm.sln]
C:\Users\HAMID-PC\Desktop\SampleProjects\HR.Manager\HRMProject\src\Presentation\JavidHrm.WebFramework\JavidHrm.WebFramework.csproj : error NU1301: Unable to get repository signature information for source https://api.nuget.org/v3-index/repository-signatures/5.0.0/index.json. [C:\Users\HAMID-PC\Desktop\SampleProjects\HR.Manager\HRMProject\JavidHrm.sln]
C:\Users\HAMID-PC\Desktop\SampleProjects\HR.Manager\HRMProject\src\Presentation\JavidHrm.WebFramework\JavidHrm.WebFramework.csproj : error NU1301:   The SSL connection could not be established, see inner exception. [C:\Users\HAMID-PC\Desktop\SampleProjects\HR.Manager\HRMProject\JavidHrm.sln]
C:\Users\HAMID-PC\Desktop\SampleProjects\HR.Manager\HRMProject\src\Presentation\JavidHrm.WebFramework\JavidHrm.WebFramework.csproj : error NU1301:   Received an unexpected EOF or 0 bytes from the transport stream. [C:\Users\HAMID-PC\Desktop\SampleProjects\HR.Manager\HRMProject\JavidHrm.sln]
C:\Users\HAMID-PC\Desktop\SampleProjects\HR.Manager\HRMProject\src\Infrastructure\JavidHrm.Infrastructure\JavidHrm.Infrastructure.csproj : error NU1301: Unable to get repository signature information for source https://api.nuget.org/v3-index/repository-signatures/5.0.0/index.json. [C:\Users\HAMID-PC\Desktop\SampleProjects\HR.Manager\HRMProject\JavidHrm.sln]
C:\Users\HAMID-PC\Desktop\SampleProjects\HR.Manager\HRMProject\src\Infrastructure\JavidHrm.Infrastructure\JavidHrm.Infrastructure.csproj : error NU1301:   The SSL connection could not be established, see inner exception. [C:\Users\HAMID-PC\Desktop\SampleProjects\HR.Manager\HRMProject\JavidHrm.sln]
C:\Users\HAMID-PC\Desktop\SampleProjects\HR.Manager\HRMProject\src\Infrastructure\JavidHrm.Infrastructure\JavidHrm.Infrastructure.csproj : error NU1301:   Received an unexpected EOF or 0 bytes from the transport stream. [C:\Users\HAMID-PC\Desktop\SampleProjects\HR.Manager\HRMProject\JavidHrm.sln]
C:\Users\HAMID-PC\Desktop\SampleProjects\HR.Manager\HRMProject\src\Infrastructure\JavidHrm.Infrastructure.Persistence\JavidHrm.Infrastructure.Persistence.csproj : error NU1301: Unable to get repository signature information for source https://api.nuget.org/v3-index/repository-signatures/5.0.0/index.json. [C:\Users\HAMID-PC\Desktop\SampleProjects\HR.Manager\HRMProject\JavidHrm.sln]
C:\Users\HAMID-PC\Desktop\SampleProjects\HR.Manager\HRMProject\src\Infrastructure\JavidHrm.Infrastructure.Persistence\JavidHrm.Infrastructure.Persistence.csproj : error NU1301:   The SSL connection could not be established, see inner exception. [C:\Users\HAMID-PC\Desktop\SampleProjects\HR.Manager\HRMProject\JavidHrm.sln]
C:\Users\HAMID-PC\Desktop\SampleProjects\HR.Manager\HRMProject\src\Infrastructure\JavidHrm.Infrastructure.Persistence\JavidHrm.Infrastructure.Persistence.csproj : error NU1301:   Received an unexpected EOF or 0 bytes from the transport stream. [C:\Users\HAMID-PC\Desktop\SampleProjects\HR.Manager\HRMProject\JavidHrm.sln]
  Failed to restore C:\Users\HAMID-PC\Desktop\SampleProjects\HR.Manager\HRMProject\src\Infrastructure\JavidHrm.Infrastructure.Persistence\JavidHrm.Infrastructure.Persistence.csproj (in 12.48 sec).
C:\Users\HAMID-PC\Desktop\SampleProjects\HR.Manager\HRMProject\src\Presentation\JavidHrm.Api\JavidHrm.Api.csproj : error NU1301: Unable to get repository signature information for source https://api.nuget.org/v3-index/repository-signatures/5.0.0/index.json. [C:\Users\HAMID-PC\Desktop\SampleProjects\HR.Manager\HRMProject\JavidHrm.sln]
C:\Users\HAMID-PC\Desktop\SampleProjects\HR.Manager\HRMProject\src\Presentation\JavidHrm.Api\JavidHrm.Api.csproj : error NU1301:   The SSL connection could not be established, see inner exception. [C:\Users\HAMID-PC\Desktop\SampleProjects\HR.Manager\HRMProject\JavidHrm.sln]
C:\Users\HAMID-PC\Desktop\SampleProjects\HR.Manager\HRMProject\src\Presentation\JavidHrm.Api\JavidHrm.Api.csproj : error NU1301:   Received an unexpected EOF or 0 bytes from the transport stream. [C:\Users\HAMID-PC\Desktop\SampleProjects\HR.Manager\HRMProject\JavidHrm.sln]
C:\Users\HAMID-PC\Desktop\SampleProjects\HR.Manager\HRMProject\src\Infrastructure\JavidHrm.Infrastructure\JavidHrm.Infrastructure.csproj : error NU1301: Unable to get repository signature information for source https://api.nuget.org/v3-index/repository-signatures/5.0.0/index.json. [C:\Users\HAMID-PC\Desktop\SampleProjects\HR.Manager\HRMProject\JavidHrm.sln]
C:\Users\HAMID-PC\Desktop\SampleProjects\HR.Manager\HRMProject\src\Infrastructure\JavidHrm.Infrastructure\JavidHrm.Infrastructure.csproj : error NU1301:   The SSL connection could not be established, see inner exception. [C:\Users\HAMID-PC\Desktop\SampleProjects\HR.Manager\HRMProject\JavidHrm.sln]
C:\Users\HAMID-PC\Desktop\SampleProjects\HR.Manager\HRMProject\src\Infrastructure\JavidHrm.Infrastructure\JavidHrm.Infrastructure.csproj : error NU1301:   Received an unexpected EOF or 0 bytes from the transport stream. [C:\Users\HAMID-PC\Desktop\SampleProjects\HR.Manager\HRMProject\JavidHrm.sln]
  Failed to restore C:\Users\HAMID-PC\Desktop\SampleProjects\HR.Manager\HRMProject\src\Infrastructure\JavidHrm.Infrastructure\JavidHrm.Infrastructure.csproj (in 16.4 sec).
C:\Users\HAMID-PC\Desktop\SampleProjects\HR.Manager\HRMProject\src\Infrastructure\JavidHrm.Infrastructure.Persistence\JavidHrm.Infrastructure.Persistence.csproj : error NU1301: Unable to get repository signature information for source https://api.nuget.org/v3-index/repository-signatures/5.0.0/index.json. [C:\Users\HAMID-PC\Desktop\SampleProjects\HR.Manager\HRMProject\JavidHrm.sln]
C:\Users\HAMID-PC\Desktop\SampleProjects\HR.Manager\HRMProject\src\Infrastructure\JavidHrm.Infrastructure.Persistence\JavidHrm.Infrastructure.Persistence.csproj : error NU1301:   The SSL connection could not be established, see inner exception. [C:\Users\HAMID-PC\Desktop\SampleProjects\HR.Manager\HRMProject\JavidHrm.sln]
C:\Users\HAMID-PC\Desktop\SampleProjects\HR.Manager\HRMProject\src\Infrastructure\JavidHrm.Infrastructure.Persistence\JavidHrm.Infrastructure.Persistence.csproj : error NU1301:   Received an unexpected EOF or 0 bytes from the transport stream. [C:\Users\HAMID-PC\Desktop\SampleProjects\HR.Manager\HRMProject\JavidHrm.sln]
C:\Users\HAMID-PC\Desktop\SampleProjects\HR.Manager\HRMProject\src\Presentation\JavidHrm.WebFramework\JavidHrm.WebFramework.csproj : error NU1301: Unable to get repository signature information for source https://api.nuget.org/v3-index/repository-signatures/5.0.0/index.json. [C:\Users\HAMID-PC\Desktop\SampleProjects\HR.Manager\HRMProject\JavidHrm.sln]
C:\Users\HAMID-PC\Desktop\SampleProjects\HR.Manager\HRMProject\src\Presentation\JavidHrm.WebFramework\JavidHrm.WebFramework.csproj : error NU1301:   The SSL connection could not be established, see inner exception. [C:\Users\HAMID-PC\Desktop\SampleProjects\HR.Manager\HRMProject\JavidHrm.sln]
C:\Users\HAMID-PC\Desktop\SampleProjects\HR.Manager\HRMProject\src\Presentation\JavidHrm.WebFramework\JavidHrm.WebFramework.csproj : error NU1301:   Received an unexpected EOF or 0 bytes from the transport stream. [C:\Users\HAMID-PC\Desktop\SampleProjects\HR.Manager\HRMProject\JavidHrm.sln]
C:\Users\HAMID-PC\Desktop\SampleProjects\HR.Manager\HRMProject\src\Presentation\JavidHrm.WebFramework\JavidHrm.WebFramework.csproj : error NU1301: Unable to get repository signature information for source https://api.nuget.org/v3-index/repository-signatures/5.0.0/index.json. [C:\Users\HAMID-PC\Desktop\SampleProjects\HR.Manager\HRMProject\JavidHrm.sln]
C:\Users\HAMID-PC\Desktop\SampleProjects\HR.Manager\HRMProject\src\Presentation\JavidHrm.WebFramework\JavidHrm.WebFramework.csproj : error NU1301:   The SSL connection could not be established, see inner exception. [C:\Users\HAMID-PC\Desktop\SampleProjects\HR.Manager\HRMProject\JavidHrm.sln]
C:\Users\HAMID-PC\Desktop\SampleProjects\HR.Manager\HRMProject\src\Presentation\JavidHrm.WebFramework\JavidHrm.WebFramework.csproj : error NU1301:   Received an unexpected EOF or 0 bytes from the transport stream. [C:\Users\HAMID-PC\Desktop\SampleProjects\HR.Manager\HRMProject\JavidHrm.sln]
  Failed to restore C:\Users\HAMID-PC\Desktop\SampleProjects\HR.Manager\HRMProject\src\Presentation\JavidHrm.WebFramework\JavidHrm.WebFramework.csproj (in 18.92 sec).
C:\Users\HAMID-PC\Desktop\SampleProjects\HR.Manager\HRMProject\src\Presentation\JavidHrm.WebFramework\JavidHrm.WebFramework.csproj : error NU1301: Unable to get repository signature information for source https://api.nuget.org/v3-index/repository-signatures/5.0.0/index.json. [C:\Users\HAMID-PC\Desktop\SampleProjects\HR.Manager\HRMProject\JavidHrm.sln]
C:\Users\HAMID-PC\Desktop\SampleProjects\HR.Manager\HRMProject\src\Presentation\JavidHrm.WebFramework\JavidHrm.WebFramework.csproj : error NU1301:   The SSL connection could not be established, see inner exception. [C:\Users\HAMID-PC\Desktop\SampleProjects\HR.Manager\HRMProject\JavidHrm.sln]
C:\Users\HAMID-PC\Desktop\SampleProjects\HR.Manager\HRMProject\src\Presentation\JavidHrm.WebFramework\JavidHrm.WebFramework.csproj : error NU1301:   Received an unexpected EOF or 0 bytes from the transport stream. [C:\Users\HAMID-PC\Desktop\SampleProjects\HR.Manager\HRMProject\JavidHrm.sln]
C:\Users\HAMID-PC\Desktop\SampleProjects\HR.Manager\HRMProject\src\Presentation\JavidHrm.WebFramework\JavidHrm.WebFramework.csproj : error NU1301: Unable to get repository signature information for source https://api.nuget.org/v3-index/repository-signatures/5.0.0/index.json. [C:\Users\HAMID-PC\Desktop\SampleProjects\HR.Manager\HRMProject\JavidHrm.sln]
C:\Users\HAMID-PC\Desktop\SampleProjects\HR.Manager\HRMProject\src\Presentation\JavidHrm.WebFramework\JavidHrm.WebFramework.csproj : error NU1301:   The SSL connection could not be established, see inner exception. [C:\Users\HAMID-PC\Desktop\SampleProjects\HR.Manager\HRMProject\JavidHrm.sln]
C:\Users\HAMID-PC\Desktop\SampleProjects\HR.Manager\HRMProject\src\Presentation\JavidHrm.WebFramework\JavidHrm.WebFramework.csproj : error NU1301:   Received an unexpected EOF or 0 bytes from the transport stream. [C:\Users\HAMID-PC\Desktop\SampleProjects\HR.Manager\HRMProject\JavidHrm.sln]
C:\Users\HAMID-PC\Desktop\SampleProjects\HR.Manager\HRMProject\src\Infrastructure\JavidHrm.Infrastructure\JavidHrm.Infrastructure.csproj : error NU1301: Unable to get repository signature information for source https://api.nuget.org/v3-index/repository-signatures/5.0.0/index.json. [C:\Users\HAMID-PC\Desktop\SampleProjects\HR.Manager\HRMProject\JavidHrm.sln]
C:\Users\HAMID-PC\Desktop\SampleProjects\HR.Manager\HRMProject\src\Infrastructure\JavidHrm.Infrastructure\JavidHrm.Infrastructure.csproj : error NU1301:   The SSL connection could not be established, see inner exception. [C:\Users\HAMID-PC\Desktop\SampleProjects\HR.Manager\HRMProject\JavidHrm.sln]
C:\Users\HAMID-PC\Desktop\SampleProjects\HR.Manager\HRMProject\src\Infrastructure\JavidHrm.Infrastructure\JavidHrm.Infrastructure.csproj : error NU1301:   Received an unexpected EOF or 0 bytes from the transport stream. [C:\Users\HAMID-PC\Desktop\SampleProjects\HR.Manager\HRMProject\JavidHrm.sln]
C:\Users\HAMID-PC\Desktop\SampleProjects\HR.Manager\HRMProject\src\Presentation\JavidHrm.WebFramework\JavidHrm.WebFramework.csproj : error NU1301: Unable to get repository signature information for source https://api.nuget.org/v3-index/repository-signatures/5.0.0/index.json. [C:\Users\HAMID-PC\Desktop\SampleProjects\HR.Manager\HRMProject\JavidHrm.sln]
C:\Users\HAMID-PC\Desktop\SampleProjects\HR.Manager\HRMProject\src\Presentation\JavidHrm.WebFramework\JavidHrm.WebFramework.csproj : error NU1301:   The SSL connection could not be established, see inner exception. [C:\Users\HAMID-PC\Desktop\SampleProjects\HR.Manager\HRMProject\JavidHrm.sln]
C:\Users\HAMID-PC\Desktop\SampleProjects\HR.Manager\HRMProject\src\Presentation\JavidHrm.WebFramework\JavidHrm.WebFramework.csproj : error NU1301:   Received an unexpected EOF or 0 bytes from the transport stream. [C:\Users\HAMID-PC\Desktop\SampleProjects\HR.Manager\HRMProject\JavidHrm.sln]
C:\Users\HAMID-PC\Desktop\SampleProjects\HR.Manager\HRMProject\src\Presentation\JavidHrm.WebFramework\JavidHrm.WebFramework.csproj : error NU1301: Unable to get repository signature information for source https://api.nuget.org/v3-index/repository-signatures/5.0.0/index.json. [C:\Users\HAMID-PC\Desktop\SampleProjects\HR.Manager\HRMProject\JavidHrm.sln]
C:\Users\HAMID-PC\Desktop\SampleProjects\HR.Manager\HRMProject\src\Presentation\JavidHrm.WebFramework\JavidHrm.WebFramework.csproj : error NU1301:   The SSL connection could not be established, see inner exception. [C:\Users\HAMID-PC\Desktop\SampleProjects\HR.Manager\HRMProject\JavidHrm.sln]
C:\Users\HAMID-PC\Desktop\SampleProjects\HR.Manager\HRMProject\src\Presentation\JavidHrm.WebFramework\JavidHrm.WebFramework.csproj : error NU1301:   Received an unexpected EOF or 0 bytes from the transport stream. [C:\Users\HAMID-PC\Desktop\SampleProjects\HR.Manager\HRMProject\JavidHrm.sln]
C:\Users\HAMID-PC\Desktop\SampleProjects\HR.Manager\HRMProject\src\Presentation\JavidHrm.Api\JavidHrm.Api.csproj : error NU1301: Unable to get repository signature information for source https://api.nuget.org/v3-index/repository-signatures/5.0.0/index.json. [C:\Users\HAMID-PC\Desktop\SampleProjects\HR.Manager\HRMProject\JavidHrm.sln]
C:\Users\HAMID-PC\Desktop\SampleProjects\HR.Manager\HRMProject\src\Presentation\JavidHrm.Api\JavidHrm.Api.csproj : error NU1301:   The SSL connection could not be established, see inner exception. [C:\Users\HAMID-PC\Desktop\SampleProjects\HR.Manager\HRMProject\JavidHrm.sln]
C:\Users\HAMID-PC\Desktop\SampleProjects\HR.Manager\HRMProject\src\Presentation\JavidHrm.Api\JavidHrm.Api.csproj : error NU1301:   Received an unexpected EOF or 0 bytes from the transport stream. [C:\Users\HAMID-PC\Desktop\SampleProjects\HR.Manager\HRMProject\JavidHrm.sln]
C:\Users\HAMID-PC\Desktop\SampleProjects\HR.Manager\HRMProject\src\Presentation\JavidHrm.WebFramework\JavidHrm.WebFramework.csproj : error NU1301: Unable to get repository signature information for source https://api.nuget.org/v3-index/repository-signatures/5.0.0/index.json. [C:\Users\HAMID-PC\Desktop\SampleProjects\HR.Manager\HRMProject\JavidHrm.sln]
C:\Users\HAMID-PC\Desktop\SampleProjects\HR.Manager\HRMProject\src\Presentation\JavidHrm.WebFramework\JavidHrm.WebFramework.csproj : error NU1301:   The SSL connection could not be established, see inner exception. [C:\Users\HAMID-PC\Desktop\SampleProjects\HR.Manager\HRMProject\JavidHrm.sln]
C:\Users\HAMID-PC\Desktop\SampleProjects\HR.Manager\HRMProject\src\Presentation\JavidHrm.WebFramework\JavidHrm.WebFramework.csproj : error NU1301:   Received an unexpected EOF or 0 bytes from the transport stream. [C:\Users\HAMID-PC\Desktop\SampleProjects\HR.Manager\HRMProject\JavidHrm.sln]
C:\Users\HAMID-PC\Desktop\SampleProjects\HR.Manager\HRMProject\src\Infrastructure\JavidHrm.Infrastructure\JavidHrm.Infrastructure.csproj : error NU1301: Unable to get repository signature information for source https://api.nuget.org/v3-index/repository-signatures/5.0.0/index.json. [C:\Users\HAMID-PC\Desktop\SampleProjects\HR.Manager\HRMProject\JavidHrm.sln]
C:\Users\HAMID-PC\Desktop\SampleProjects\HR.Manager\HRMProject\src\Infrastructure\JavidHrm.Infrastructure\JavidHrm.Infrastructure.csproj : error NU1301:   The SSL connection could not be established, see inner exception. [C:\Users\HAMID-PC\Desktop\SampleProjects\HR.Manager\HRMProject\JavidHrm.sln]
C:\Users\HAMID-PC\Desktop\SampleProjects\HR.Manager\HRMProject\src\Infrastructure\JavidHrm.Infrastructure\JavidHrm.Infrastructure.csproj : error NU1301:   Received an unexpected EOF or 0 bytes from the transport stream. [C:\Users\HAMID-PC\Desktop\SampleProjects\HR.Manager\HRMProject\JavidHrm.sln]
C:\Users\HAMID-PC\Desktop\SampleProjects\HR.Manager\HRMProject\src\Infrastructure\JavidHrm.Infrastructure\JavidHrm.Infrastructure.csproj : error NU1301: Unable to get repository signature information for source https://api.nuget.org/v3-index/repository-signatures/5.0.0/index.json. [C:\Users\HAMID-PC\Desktop\SampleProjects\HR.Manager\HRMProject\JavidHrm.sln]
C:\Users\HAMID-PC\Desktop\SampleProjects\HR.Manager\HRMProject\src\Infrastructure\JavidHrm.Infrastructure\JavidHrm.Infrastructure.csproj : error NU1301:   The SSL connection could not be established, see inner exception. [C:\Users\HAMID-PC\Desktop\SampleProjects\HR.Manager\HRMProject\JavidHrm.sln]
C:\Users\HAMID-PC\Desktop\SampleProjects\HR.Manager\HRMProject\src\Infrastructure\JavidHrm.Infrastructure\JavidHrm.Infrastructure.csproj : error NU1301:   Received an unexpected EOF or 0 bytes from the transport stream. [C:\Users\HAMID-PC\Desktop\SampleProjects\HR.Manager\HRMProject\JavidHrm.sln]
C:\Users\HAMID-PC\Desktop\SampleProjects\HR.Manager\HRMProject\src\Infrastructure\JavidHrm.Infrastructure\JavidHrm.Infrastructure.csproj : error NU1301: Unable to get repository signature information for source https://api.nuget.org/v3-index/repository-signatures/5.0.0/index.json. [C:\Users\HAMID-PC\Desktop\SampleProjects\HR.Manager\HRMProject\JavidHrm.sln]
C:\Users\HAMID-PC\Desktop\SampleProjects\HR.Manager\HRMProject\src\Infrastructure\JavidHrm.Infrastructure\JavidHrm.Infrastructure.csproj : error NU1301:   The SSL connection could not be established, see inner exception. [C:\Users\HAMID-PC\Desktop\SampleProjects\HR.Manager\HRMProject\JavidHrm.sln]
C:\Users\HAMID-PC\Desktop\SampleProjects\HR.Manager\HRMProject\src\Infrastructure\JavidHrm.Infrastructure\JavidHrm.Infrastructure.csproj : error NU1301:   Received an unexpected EOF or 0 bytes from the transport stream. [C:\Users\HAMID-PC\Desktop\SampleProjects\HR.Manager\HRMProject\JavidHrm.sln]
C:\Users\HAMID-PC\Desktop\SampleProjects\HR.Manager\HRMProject\src\Infrastructure\JavidHrm.Infrastructure\JavidHrm.Infrastructure.csproj : error NU1301: Unable to get repository signature information for source https://api.nuget.org/v3-index/repository-signatures/5.0.0/index.json. [C:\Users\HAMID-PC\Desktop\SampleProjects\HR.Manager\HRMProject\JavidHrm.sln]
C:\Users\HAMID-PC\Desktop\SampleProjects\HR.Manager\HRMProject\src\Infrastructure\JavidHrm.Infrastructure\JavidHrm.Infrastructure.csproj : error NU1301:   The SSL connection could not be established, see inner exception. [C:\Users\HAMID-PC\Desktop\SampleProjects\HR.Manager\HRMProject\JavidHrm.sln]
C:\Users\HAMID-PC\Desktop\SampleProjects\HR.Manager\HRMProject\src\Infrastructure\JavidHrm.Infrastructure\JavidHrm.Infrastructure.csproj : error NU1301:   Received an unexpected EOF or 0 bytes from the transport stream. [C:\Users\HAMID-PC\Desktop\SampleProjects\HR.Manager\HRMProject\JavidHrm.sln]
C:\Users\HAMID-PC\Desktop\SampleProjects\HR.Manager\HRMProject\src\Infrastructure\JavidHrm.Infrastructure\JavidHrm.Infrastructure.csproj : error NU1301: Unable to get repository signature information for source https://api.nuget.org/v3-index/repository-signatures/5.0.0/index.json. [C:\Users\HAMID-PC\Desktop\SampleProjects\HR.Manager\HRMProject\JavidHrm.sln]
C:\Users\HAMID-PC\Desktop\SampleProjects\HR.Manager\HRMProject\src\Infrastructure\JavidHrm.Infrastructure\JavidHrm.Infrastructure.csproj : error NU1301:   The SSL connection could not be established, see inner exception. [C:\Users\HAMID-PC\Desktop\SampleProjects\HR.Manager\HRMProject\JavidHrm.sln]
C:\Users\HAMID-PC\Desktop\SampleProjects\HR.Manager\HRMProject\src\Infrastructure\JavidHrm.Infrastructure\JavidHrm.Infrastructure.csproj : error NU1301:   Received an unexpected EOF or 0 bytes from the transport stream. [C:\Users\HAMID-PC\Desktop\SampleProjects\HR.Manager\HRMProject\JavidHrm.sln]
C:\Users\HAMID-PC\Desktop\SampleProjects\HR.Manager\HRMProject\src\Infrastructure\JavidHrm.Infrastructure\JavidHrm.Infrastructure.csproj : error NU1301: Unable to get repository signature information for source https://api.nuget.org/v3-index/repository-signatures/5.0.0/index.json. [C:\Users\HAMID-PC\Desktop\SampleProjects\HR.Manager\HRMProject\JavidHrm.sln]
C:\Users\HAMID-PC\Desktop\SampleProjects\HR.Manager\HRMProject\src\Infrastructure\JavidHrm.Infrastructure\JavidHrm.Infrastructure.csproj : error NU1301:   The SSL connection could not be established, see inner exception. [C:\Users\HAMID-PC\Desktop\SampleProjects\HR.Manager\HRMProject\JavidHrm.sln]
C:\Users\HAMID-PC\Desktop\SampleProjects\HR.Manager\HRMProject\src\Infrastructure\JavidHrm.Infrastructure\JavidHrm.Infrastructure.csproj : error NU1301:   Received an unexpected EOF or 0 bytes from the transport stream. [C:\Users\HAMID-PC\Desktop\SampleProjects\HR.Manager\HRMProject\JavidHrm.sln]
C:\Users\HAMID-PC\Desktop\SampleProjects\HR.Manager\HRMProject\src\Infrastructure\JavidHrm.Infrastructure\JavidHrm.Infrastructure.csproj : error NU1301: Unable to get repository signature information for source https://api.nuget.org/v3-index/repository-signatures/5.0.0/index.json. [C:\Users\HAMID-PC\Desktop\SampleProjects\HR.Manager\HRMProject\JavidHrm.sln]
C:\Users\HAMID-PC\Desktop\SampleProjects\HR.Manager\HRMProject\src\Infrastructure\JavidHrm.Infrastructure\JavidHrm.Infrastructure.csproj : error NU1301:   The SSL connection could not be established, see inner exception. [C:\Users\HAMID-PC\Desktop\SampleProjects\HR.Manager\HRMProject\JavidHrm.sln]
C:\Users\HAMID-PC\Desktop\SampleProjects\HR.Manager\HRMProject\src\Infrastructure\JavidHrm.Infrastructure\JavidHrm.Infrastructure.csproj : error NU1301:   Received an unexpected EOF or 0 bytes from the transport stream. [C:\Users\HAMID-PC\Desktop\SampleProjects\HR.Manager\HRMProject\JavidHrm.sln]
C:\Users\HAMID-PC\Desktop\SampleProjects\HR.Manager\HRMProject\src\Infrastructure\JavidHrm.Infrastructure\JavidHrm.Infrastructure.csproj : error NU1301: Unable to get repository signature information for source https://api.nuget.org/v3-index/repository-signatures/5.0.0/index.json. [C:\Users\HAMID-PC\Desktop\SampleProjects\HR.Manager\HRMProject\JavidHrm.sln]
C:\Users\HAMID-PC\Desktop\SampleProjects\HR.Manager\HRMProject\src\Infrastructure\JavidHrm.Infrastructure\JavidHrm.Infrastructure.csproj : error NU1301:   The SSL connection could not be established, see inner exception. [C:\Users\HAMID-PC\Desktop\SampleProjects\HR.Manager\HRMProject\JavidHrm.sln]
C:\Users\HAMID-PC\Desktop\SampleProjects\HR.Manager\HRMProject\src\Infrastructure\JavidHrm.Infrastructure\JavidHrm.Infrastructure.csproj : error NU1301:   Received an unexpected EOF or 0 bytes from the transport stream. [C:\Users\HAMID-PC\Desktop\SampleProjects\HR.Manager\HRMProject\JavidHrm.sln]
C:\Users\HAMID-PC\Desktop\SampleProjects\HR.Manager\HRMProject\src\Infrastructure\JavidHrm.Infrastructure\JavidHrm.Infrastructure.csproj : error NU1301: Unable to get repository signature information for source https://api.nuget.org/v3-index/repository-signatures/5.0.0/index.json. [C:\Users\HAMID-PC\Desktop\SampleProjects\HR.Manager\HRMProject\JavidHrm.sln]
C:\Users\HAMID-PC\Desktop\SampleProjects\HR.Manager\HRMProject\src\Infrastructure\JavidHrm.Infrastructure\JavidHrm.Infrastructure.csproj : error NU1301:   The SSL connection could not be established, see inner exception. [C:\Users\HAMID-PC\Desktop\SampleProjects\HR.Manager\HRMProject\JavidHrm.sln]
C:\Users\HAMID-PC\Desktop\SampleProjects\HR.Manager\HRMProject\src\Infrastructure\JavidHrm.Infrastructure\JavidHrm.Infrastructure.csproj : error NU1301:   Received an unexpected EOF or 0 bytes from the transport stream. [C:\Users\HAMID-PC\Desktop\SampleProjects\HR.Manager\HRMProject\JavidHrm.sln]
C:\Users\HAMID-PC\Desktop\SampleProjects\HR.Manager\HRMProject\src\Infrastructure\JavidHrm.Infrastructure\JavidHrm.Infrastructure.csproj : error NU1301: Unable to get repository signature information for source https://api.nuget.org/v3-index/repository-signatures/5.0.0/index.json. [C:\Users\HAMID-PC\Desktop\SampleProjects\HR.Manager\HRMProject\JavidHrm.sln]
C:\Users\HAMID-PC\Desktop\SampleProjects\HR.Manager\HRMProject\src\Infrastructure\JavidHrm.Infrastructure\JavidHrm.Infrastructure.csproj : error NU1301:   The SSL connection could not be established, see inner exception. [C:\Users\HAMID-PC\Desktop\SampleProjects\HR.Manager\HRMProject\JavidHrm.sln]
C:\Users\HAMID-PC\Desktop\SampleProjects\HR.Manager\HRMProject\src\Infrastructure\JavidHrm.Infrastructure\JavidHrm.Infrastructure.csproj : error NU1301:   Received an unexpected EOF or 0 bytes from the transport stream. [C:\Users\HAMID-PC\Desktop\SampleProjects\HR.Manager\HRMProject\JavidHrm.sln]
C:\Users\HAMID-PC\Desktop\SampleProjects\HR.Manager\HRMProject\src\Presentation\JavidHrm.Api\JavidHrm.Api.csproj : error NU1301: Unable to get repository signature information for source https://api.nuget.org/v3-index/repository-signatures/5.0.0/index.json. [C:\Users\HAMID-PC\Desktop\SampleProjects\HR.Manager\HRMProject\JavidHrm.sln]
C:\Users\HAMID-PC\Desktop\SampleProjects\HR.Manager\HRMProject\src\Presentation\JavidHrm.Api\JavidHrm.Api.csproj : error NU1301:   The SSL connection could not be established, see inner exception. [C:\Users\HAMID-PC\Desktop\SampleProjects\HR.Manager\HRMProject\JavidHrm.sln]
C:\Users\HAMID-PC\Desktop\SampleProjects\HR.Manager\HRMProject\src\Presentation\JavidHrm.Api\JavidHrm.Api.csproj : error NU1301:   Received an unexpected EOF or 0 bytes from the transport stream. [C:\Users\HAMID-PC\Desktop\SampleProjects\HR.Manager\HRMProject\JavidHrm.sln]
C:\Users\HAMID-PC\Desktop\SampleProjects\HR.Manager\HRMProject\src\Infrastructure\JavidHrm.Infrastructure\JavidHrm.Infrastructure.csproj : error NU1301: Unable to get repository signature information for source https://api.nuget.org/v3-index/repository-signatures/5.0.0/index.json. [C:\Users\HAMID-PC\Desktop\SampleProjects\HR.Manager\HRMProject\JavidHrm.sln]
C:\Users\HAMID-PC\Desktop\SampleProjects\HR.Manager\HRMProject\src\Infrastructure\JavidHrm.Infrastructure\JavidHrm.Infrastructure.csproj : error NU1301:   The SSL connection could not be established, see inner exception. [C:\Users\HAMID-PC\Desktop\SampleProjects\HR.Manager\HRMProject\JavidHrm.sln]
C:\Users\HAMID-PC\Desktop\SampleProjects\HR.Manager\HRMProject\src\Infrastructure\JavidHrm.Infrastructure\JavidHrm.Infrastructure.csproj : error NU1301:   Received an unexpected EOF or 0 bytes from the transport stream. [C:\Users\HAMID-PC\Desktop\SampleProjects\HR.Manager\HRMProject\JavidHrm.sln]
C:\Users\HAMID-PC\Desktop\SampleProjects\HR.Manager\HRMProject\src\Core\JavidHrm.Application\JavidHrm.Application.csproj : error NU1301: Unable to get repository signature information for source https://api.nuget.org/v3-index/repository-signatures/5.0.0/index.json. [C:\Users\HAMID-PC\Desktop\SampleProjects\HR.Manager\HRMProject\JavidHrm.sln]
C:\Users\HAMID-PC\Desktop\SampleProjects\HR.Manager\HRMProject\src\Core\JavidHrm.Application\JavidHrm.Application.csproj : error NU1301:   The SSL connection could not be established, see inner exception. [C:\Users\HAMID-PC\Desktop\SampleProjects\HR.Manager\HRMProject\JavidHrm.sln]
C:\Users\HAMID-PC\Desktop\SampleProjects\HR.Manager\HRMProject\src\Core\JavidHrm.Application\JavidHrm.Application.csproj : error NU1301:   Received an unexpected EOF or 0 bytes from the transport stream. [C:\Users\HAMID-PC\Desktop\SampleProjects\HR.Manager\HRMProject\JavidHrm.sln]
C:\Users\HAMID-PC\Desktop\SampleProjects\HR.Manager\HRMProject\src\Core\JavidHrm.Application\JavidHrm.Application.csproj : error NU1301: Unable to get repository signature information for source https://api.nuget.org/v3-index/repository-signatures/5.0.0/index.json. [C:\Users\HAMID-PC\Desktop\SampleProjects\HR.Manager\HRMProject\JavidHrm.sln]
C:\Users\HAMID-PC\Desktop\SampleProjects\HR.Manager\HRMProject\src\Core\JavidHrm.Application\JavidHrm.Application.csproj : error NU1301:   The SSL connection could not be established, see inner exception. [C:\Users\HAMID-PC\Desktop\SampleProjects\HR.Manager\HRMProject\JavidHrm.sln]
C:\Users\HAMID-PC\Desktop\SampleProjects\HR.Manager\HRMProject\src\Core\JavidHrm.Application\JavidHrm.Application.csproj : error NU1301:   Received an unexpected EOF or 0 bytes from the transport stream. [C:\Users\HAMID-PC\Desktop\SampleProjects\HR.Manager\HRMProject\JavidHrm.sln]
C:\Users\HAMID-PC\Desktop\SampleProjects\HR.Manager\HRMProject\src\Core\JavidHrm.Application\JavidHrm.Application.csproj : error NU1301: Unable to get repository signature information for source https://api.nuget.org/v3-index/repository-signatures/5.0.0/index.json. [C:\Users\HAMID-PC\Desktop\SampleProjects\HR.Manager\HRMProject\JavidHrm.sln]
C:\Users\HAMID-PC\Desktop\SampleProjects\HR.Manager\HRMProject\src\Core\JavidHrm.Application\JavidHrm.Application.csproj : error NU1301:   The SSL connection could not be established, see inner exception. [C:\Users\HAMID-PC\Desktop\SampleProjects\HR.Manager\HRMProject\JavidHrm.sln]
C:\Users\HAMID-PC\Desktop\SampleProjects\HR.Manager\HRMProject\src\Core\JavidHrm.Application\JavidHrm.Application.csproj : error NU1301:   Received an unexpected EOF or 0 bytes from the transport stream. [C:\Users\HAMID-PC\Desktop\SampleProjects\HR.Manager\HRMProject\JavidHrm.sln]
C:\Users\HAMID-PC\Desktop\SampleProjects\HR.Manager\HRMProject\src\Core\JavidHrm.Application\JavidHrm.Application.csproj : error NU1301: Unable to get repository signature information for source https://api.nuget.org/v3-index/repository-signatures/5.0.0/index.json. [C:\Users\HAMID-PC\Desktop\SampleProjects\HR.Manager\HRMProject\JavidHrm.sln]
C:\Users\HAMID-PC\Desktop\SampleProjects\HR.Manager\HRMProject\src\Core\JavidHrm.Application\JavidHrm.Application.csproj : error NU1301:   The SSL connection could not be established, see inner exception. [C:\Users\HAMID-PC\Desktop\SampleProjects\HR.Manager\HRMProject\JavidHrm.sln]
C:\Users\HAMID-PC\Desktop\SampleProjects\HR.Manager\HRMProject\src\Core\JavidHrm.Application\JavidHrm.Application.csproj : error NU1301:   Received an unexpected EOF or 0 bytes from the transport stream. [C:\Users\HAMID-PC\Desktop\SampleProjects\HR.Manager\HRMProject\JavidHrm.sln]
C:\Users\HAMID-PC\Desktop\SampleProjects\HR.Manager\HRMProject\src\Core\JavidHrm.Application\JavidHrm.Application.csproj : error NU1301: Unable to get repository signature information for source https://api.nuget.org/v3-index/repository-signatures/5.0.0/index.json. [C:\Users\HAMID-PC\Desktop\SampleProjects\HR.Manager\HRMProject\JavidHrm.sln]
C:\Users\HAMID-PC\Desktop\SampleProjects\HR.Manager\HRMProject\src\Core\JavidHrm.Application\JavidHrm.Application.csproj : error NU1301:   The SSL connection could not be established, see inner exception. [C:\Users\HAMID-PC\Desktop\SampleProjects\HR.Manager\HRMProject\JavidHrm.sln]
C:\Users\HAMID-PC\Desktop\SampleProjects\HR.Manager\HRMProject\src\Core\JavidHrm.Application\JavidHrm.Application.csproj : error NU1301:   Received an unexpected EOF or 0 bytes from the transport stream. [C:\Users\HAMID-PC\Desktop\SampleProjects\HR.Manager\HRMProject\JavidHrm.sln]
  Failed to restore C:\Users\HAMID-PC\Desktop\SampleProjects\HR.Manager\HRMProject\src\Core\JavidHrm.Application\JavidHrm.Application.csproj (in 44.71 sec).
C:\Users\HAMID-PC\Desktop\SampleProjects\HR.Manager\HRMProject\src\Presentation\JavidHrm.Api\JavidHrm.Api.csproj : error NU1301: Unable to get repository signature information for source https://api.nuget.org/v3-index/repository-signatures/5.0.0/index.json. [C:\Users\HAMID-PC\Desktop\SampleProjects\HR.Manager\HRMProject\JavidHrm.sln]
C:\Users\HAMID-PC\Desktop\SampleProjects\HR.Manager\HRMProject\src\Presentation\JavidHrm.Api\JavidHrm.Api.csproj : error NU1301:   The SSL connection could not be established, see inner exception. [C:\Users\HAMID-PC\Desktop\SampleProjects\HR.Manager\HRMProject\JavidHrm.sln]
C:\Users\HAMID-PC\Desktop\SampleProjects\HR.Manager\HRMProject\src\Presentation\JavidHrm.Api\JavidHrm.Api.csproj : error NU1301:   Received an unexpected EOF or 0 bytes from the transport stream. [C:\Users\HAMID-PC\Desktop\SampleProjects\HR.Manager\HRMProject\JavidHrm.sln]
C:\Users\HAMID-PC\Desktop\SampleProjects\HR.Manager\HRMProject\src\Presentation\JavidHrm.Api\JavidHrm.Api.csproj : error NU1301: Unable to get repository signature information for source https://api.nuget.org/v3-index/repository-signatures/5.0.0/index.json. [C:\Users\HAMID-PC\Desktop\SampleProjects\HR.Manager\HRMProject\JavidHrm.sln]
C:\Users\HAMID-PC\Desktop\SampleProjects\HR.Manager\HRMProject\src\Presentation\JavidHrm.Api\JavidHrm.Api.csproj : error NU1301:   The SSL connection could not be established, see inner exception. [C:\Users\HAMID-PC\Desktop\SampleProjects\HR.Manager\HRMProject\JavidHrm.sln]
C:\Users\HAMID-PC\Desktop\SampleProjects\HR.Manager\HRMProject\src\Presentation\JavidHrm.Api\JavidHrm.Api.csproj : error NU1301:   Received an unexpected EOF or 0 bytes from the transport stream. [C:\Users\HAMID-PC\Desktop\SampleProjects\HR.Manager\HRMProject\JavidHrm.sln]
C:\Users\HAMID-PC\Desktop\SampleProjects\HR.Manager\HRMProject\src\Cross-Cutting\JavidHrm.Common\JavidHrm.Common.csproj : error NU1301: Unable to get repository signature information for source https://api.nuget.org/v3-index/repository-signatures/5.0.0/index.json. [C:\Users\HAMID-PC\Desktop\SampleProjects\HR.Manager\HRMProject\JavidHrm.sln]
C:\Users\HAMID-PC\Desktop\SampleProjects\HR.Manager\HRMProject\src\Cross-Cutting\JavidHrm.Common\JavidHrm.Common.csproj : error NU1301:   The SSL connection could not be established, see inner exception. [C:\Users\HAMID-PC\Desktop\SampleProjects\HR.Manager\HRMProject\JavidHrm.sln]
C:\Users\HAMID-PC\Desktop\SampleProjects\HR.Manager\HRMProject\src\Cross-Cutting\JavidHrm.Common\JavidHrm.Common.csproj : error NU1301:   Received an unexpected EOF or 0 bytes from the transport stream. [C:\Users\HAMID-PC\Desktop\SampleProjects\HR.Manager\HRMProject\JavidHrm.sln]
  Failed to restore C:\Users\HAMID-PC\Desktop\SampleProjects\HR.Manager\HRMProject\src\Cross-Cutting\JavidHrm.Common\JavidHrm.Common.csproj (in 31.6 sec).
C:\Users\HAMID-PC\Desktop\SampleProjects\HR.Manager\HRMProject\src\Presentation\JavidHrm.Api\JavidHrm.Api.csproj : error NU1301: Unable to get repository signature information for source https://api.nuget.org/v3-index/repository-signatures/5.0.0/index.json. [C:\Users\HAMID-PC\Desktop\SampleProjects\HR.Manager\HRMProject\JavidHrm.sln]
C:\Users\HAMID-PC\Desktop\SampleProjects\HR.Manager\HRMProject\src\Presentation\JavidHrm.Api\JavidHrm.Api.csproj : error NU1301:   The SSL connection could not be established, see inner exception. [C:\Users\HAMID-PC\Desktop\SampleProjects\HR.Manager\HRMProject\JavidHrm.sln]
C:\Users\HAMID-PC\Desktop\SampleProjects\HR.Manager\HRMProject\src\Presentation\JavidHrm.Api\JavidHrm.Api.csproj : error NU1301:   Received an unexpected EOF or 0 bytes from the transport stream. [C:\Users\HAMID-PC\Desktop\SampleProjects\HR.Manager\HRMProject\JavidHrm.sln]
  Failed to restore C:\Users\HAMID-PC\Desktop\SampleProjects\HR.Manager\HRMProject\src\Presentation\JavidHrm.Api\JavidHrm.Api.csproj (in 35.57 sec).

Build FAILED.

C:\Users\HAMID-PC\Desktop\SampleProjects\HR.Manager\HRMProject\src\Infrastructure\JavidHrm.Infrastructure.Persistence\JavidHrm.Infrastructure.Persistence.csproj : error NU1301: Unable to get repository signature information for source https://api.nuget.org/v3-index/repository-signatures/5.0.0/index.json. [C:\Users\HAMID-PC\Desktop\SampleProjects\HR.Manager\HRMProject\JavidHrm.sln]
C:\Users\HAMID-PC\Desktop\SampleProjects\HR.Manager\HRMProject\src\Infrastructure\JavidHrm.Infrastructure.Persistence\JavidHrm.Infrastructure.Persistence.csproj : error NU1301:   The SSL connection could not be established, see inner exception. [C:\Users\HAMID-PC\Desktop\SampleProjects\HR.Manager\HRMProject\JavidHrm.sln]
C:\Users\HAMID-PC\Desktop\SampleProjects\HR.Manager\HRMProject\src\Infrastructure\JavidHrm.Infrastructure.Persistence\JavidHrm.Infrastructure.Persistence.csproj : error NU1301:   Received an unexpected EOF or 0 bytes from the transport stream. [C:\Users\HAMID-PC\Desktop\SampleProjects\HR.Manager\HRMProject\JavidHrm.sln]
C:\Users\HAMID-PC\Desktop\SampleProjects\HR.Manager\HRMProject\src\Presentation\JavidHrm.WebFramework\JavidHrm.WebFramework.csproj : error NU1301: Unable to get repository signature information for source https://api.nuget.org/v3-index/repository-signatures/5.0.0/index.json. [C:\Users\HAMID-PC\Desktop\SampleProjects\HR.Manager\HRMProject\JavidHrm.sln]
C:\Users\HAMID-PC\Desktop\SampleProjects\HR.Manager\HRMProject\src\Presentation\JavidHrm.WebFramework\JavidHrm.WebFramework.csproj : error NU1301:   The SSL connection could not be established, see inner exception. [C:\Users\HAMID-PC\Desktop\SampleProjects\HR.Manager\HRMProject\JavidHrm.sln]
C:\Users\HAMID-PC\Desktop\SampleProjects\HR.Manager\HRMProject\src\Presentation\JavidHrm.WebFramework\JavidHrm.WebFramework.csproj : error NU1301:   Received an unexpected EOF or 0 bytes from the transport stream. [C:\Users\HAMID-PC\Desktop\SampleProjects\HR.Manager\HRMProject\JavidHrm.sln]
C:\Users\HAMID-PC\Desktop\SampleProjects\HR.Manager\HRMProject\src\Infrastructure\JavidHrm.Infrastructure.Persistence\JavidHrm.Infrastructure.Persistence.csproj : error NU1301: Unable to get repository signature information for source https://api.nuget.org/v3-index/repository-signatures/5.0.0/index.json. [C:\Users\HAMID-PC\Desktop\SampleProjects\HR.Manager\HRMProject\JavidHrm.sln]
C:\Users\HAMID-PC\Desktop\SampleProjects\HR.Manager\HRMProject\src\Infrastructure\JavidHrm.Infrastructure.Persistence\JavidHrm.Infrastructure.Persistence.csproj : error NU1301:   The SSL connection could not be established, see inner exception. [C:\Users\HAMID-PC\Desktop\SampleProjects\HR.Manager\HRMProject\JavidHrm.sln]
C:\Users\HAMID-PC\Desktop\SampleProjects\HR.Manager\HRMProject\src\Infrastructure\JavidHrm.Infrastructure.Persistence\JavidHrm.Infrastructure.Persistence.csproj : error NU1301:   Received an unexpected EOF or 0 bytes from the transport stream. [C:\Users\HAMID-PC\Desktop\SampleProjects\HR.Manager\HRMProject\JavidHrm.sln]
C:\Users\HAMID-PC\Desktop\SampleProjects\HR.Manager\HRMProject\src\Presentation\JavidHrm.WebFramework\JavidHrm.WebFramework.csproj : error NU1301: Unable to get repository signature information for source https://api.nuget.org/v3-index/repository-signatures/5.0.0/index.json. [C:\Users\HAMID-PC\Desktop\SampleProjects\HR.Manager\HRMProject\JavidHrm.sln]
C:\Users\HAMID-PC\Desktop\SampleProjects\HR.Manager\HRMProject\src\Presentation\JavidHrm.WebFramework\JavidHrm.WebFramework.csproj : error NU1301:   The SSL connection could not be established, see inner exception. [C:\Users\HAMID-PC\Desktop\SampleProjects\HR.Manager\HRMProject\JavidHrm.sln]
C:\Users\HAMID-PC\Desktop\SampleProjects\HR.Manager\HRMProject\src\Presentation\JavidHrm.WebFramework\JavidHrm.WebFramework.csproj : error NU1301:   Received an unexpected EOF or 0 bytes from the transport stream. [C:\Users\HAMID-PC\Desktop\SampleProjects\HR.Manager\HRMProject\JavidHrm.sln]
C:\Users\HAMID-PC\Desktop\SampleProjects\HR.Manager\HRMProject\src\Presentation\JavidHrm.WebFramework\JavidHrm.WebFramework.csproj : error NU1301: Unable to get repository signature information for source https://api.nuget.org/v3-index/repository-signatures/5.0.0/index.json. [C:\Users\HAMID-PC\Desktop\SampleProjects\HR.Manager\HRMProject\JavidHrm.sln]
C:\Users\HAMID-PC\Desktop\SampleProjects\HR.Manager\HRMProject\src\Presentation\JavidHrm.WebFramework\JavidHrm.WebFramework.csproj : error NU1301:   The SSL connection could not be established, see inner exception. [C:\Users\HAMID-PC\Desktop\SampleProjects\HR.Manager\HRMProject\JavidHrm.sln]
C:\Users\HAMID-PC\Desktop\SampleProjects\HR.Manager\HRMProject\src\Presentation\JavidHrm.WebFramework\JavidHrm.WebFramework.csproj : error NU1301:   Received an unexpected EOF or 0 bytes from the transport stream. [C:\Users\HAMID-PC\Desktop\SampleProjects\HR.Manager\HRMProject\JavidHrm.sln]
C:\Users\HAMID-PC\Desktop\SampleProjects\HR.Manager\HRMProject\src\Infrastructure\JavidHrm.Infrastructure\JavidHrm.Infrastructure.csproj : error NU1301: Unable to get repository signature information for source https://api.nuget.org/v3-index/repository-signatures/5.0.0/index.json. [C:\Users\HAMID-PC\Desktop\SampleProjects\HR.Manager\HRMProject\JavidHrm.sln]
C:\Users\HAMID-PC\Desktop\SampleProjects\HR.Manager\HRMProject\src\Infrastructure\JavidHrm.Infrastructure\JavidHrm.Infrastructure.csproj : error NU1301:   The SSL connection could not be established, see inner exception. [C:\Users\HAMID-PC\Desktop\SampleProjects\HR.Manager\HRMProject\JavidHrm.sln]
C:\Users\HAMID-PC\Desktop\SampleProjects\HR.Manager\HRMProject\src\Infrastructure\JavidHrm.Infrastructure\JavidHrm.Infrastructure.csproj : error NU1301:   Received an unexpected EOF or 0 bytes from the transport stream. [C:\Users\HAMID-PC\Desktop\SampleProjects\HR.Manager\HRMProject\JavidHrm.sln]
C:\Users\HAMID-PC\Desktop\SampleProjects\HR.Manager\HRMProject\src\Infrastructure\JavidHrm.Infrastructure.Persistence\JavidHrm.Infrastructure.Persistence.csproj : error NU1301: Unable to get repository signature information for source https://api.nuget.org/v3-index/repository-signatures/5.0.0/index.json. [C:\Users\HAMID-PC\Desktop\SampleProjects\HR.Manager\HRMProject\JavidHrm.sln]
C:\Users\HAMID-PC\Desktop\SampleProjects\HR.Manager\HRMProject\src\Infrastructure\JavidHrm.Infrastructure.Persistence\JavidHrm.Infrastructure.Persistence.csproj : error NU1301:   The SSL connection could not be established, see inner exception. [C:\Users\HAMID-PC\Desktop\SampleProjects\HR.Manager\HRMProject\JavidHrm.sln]
C:\Users\HAMID-PC\Desktop\SampleProjects\HR.Manager\HRMProject\src\Infrastructure\JavidHrm.Infrastructure.Persistence\JavidHrm.Infrastructure.Persistence.csproj : error NU1301:   Received an unexpected EOF or 0 bytes from the transport stream. [C:\Users\HAMID-PC\Desktop\SampleProjects\HR.Manager\HRMProject\JavidHrm.sln]
C:\Users\HAMID-PC\Desktop\SampleProjects\HR.Manager\HRMProject\src\Presentation\JavidHrm.Api\JavidHrm.Api.csproj : error NU1301: Unable to get repository signature information for source https://api.nuget.org/v3-index/repository-signatures/5.0.0/index.json. [C:\Users\HAMID-PC\Desktop\SampleProjects\HR.Manager\HRMProject\JavidHrm.sln]
C:\Users\HAMID-PC\Desktop\SampleProjects\HR.Manager\HRMProject\src\Presentation\JavidHrm.Api\JavidHrm.Api.csproj : error NU1301:   The SSL connection could not be established, see inner exception. [C:\Users\HAMID-PC\Desktop\SampleProjects\HR.Manager\HRMProject\JavidHrm.sln]
C:\Users\HAMID-PC\Desktop\SampleProjects\HR.Manager\HRMProject\src\Presentation\JavidHrm.Api\JavidHrm.Api.csproj : error NU1301:   Received an unexpected EOF or 0 bytes from the transport stream. [C:\Users\HAMID-PC\Desktop\SampleProjects\HR.Manager\HRMProject\JavidHrm.sln]
C:\Users\HAMID-PC\Desktop\SampleProjects\HR.Manager\HRMProject\src\Infrastructure\JavidHrm.Infrastructure\JavidHrm.Infrastructure.csproj : error NU1301: Unable to get repository signature information for source https://api.nuget.org/v3-index/repository-signatures/5.0.0/index.json. [C:\Users\HAMID-PC\Desktop\SampleProjects\HR.Manager\HRMProject\JavidHrm.sln]
C:\Users\HAMID-PC\Desktop\SampleProjects\HR.Manager\HRMProject\src\Infrastructure\JavidHrm.Infrastructure\JavidHrm.Infrastructure.csproj : error NU1301:   The SSL connection could not be established, see inner exception. [C:\Users\HAMID-PC\Desktop\SampleProjects\HR.Manager\HRMProject\JavidHrm.sln]
C:\Users\HAMID-PC\Desktop\SampleProjects\HR.Manager\HRMProject\src\Infrastructure\JavidHrm.Infrastructure\JavidHrm.Infrastructure.csproj : error NU1301:   Received an unexpected EOF or 0 bytes from the transport stream. [C:\Users\HAMID-PC\Desktop\SampleProjects\HR.Manager\HRMProject\JavidHrm.sln]
C:\Users\HAMID-PC\Desktop\SampleProjects\HR.Manager\HRMProject\src\Infrastructure\JavidHrm.Infrastructure.Persistence\JavidHrm.Infrastructure.Persistence.csproj : error NU1301: Unable to get repository signature information for source https://api.nuget.org/v3-index/repository-signatures/5.0.0/index.json. [C:\Users\HAMID-PC\Desktop\SampleProjects\HR.Manager\HRMProject\JavidHrm.sln]
C:\Users\HAMID-PC\Desktop\SampleProjects\HR.Manager\HRMProject\src\Infrastructure\JavidHrm.Infrastructure.Persistence\JavidHrm.Infrastructure.Persistence.csproj : error NU1301:   The SSL connection could not be established, see inner exception. [C:\Users\HAMID-PC\Desktop\SampleProjects\HR.Manager\HRMProject\JavidHrm.sln]
C:\Users\HAMID-PC\Desktop\SampleProjects\HR.Manager\HRMProject\src\Infrastructure\JavidHrm.Infrastructure.Persistence\JavidHrm.Infrastructure.Persistence.csproj : error NU1301:   Received an unexpected EOF or 0 bytes from the transport stream. [C:\Users\HAMID-PC\Desktop\SampleProjects\HR.Manager\HRMProject\JavidHrm.sln]
C:\Users\HAMID-PC\Desktop\SampleProjects\HR.Manager\HRMProject\src\Presentation\JavidHrm.WebFramework\JavidHrm.WebFramework.csproj : error NU1301: Unable to get repository signature information for source https://api.nuget.org/v3-index/repository-signatures/5.0.0/index.json. [C:\Users\HAMID-PC\Desktop\SampleProjects\HR.Manager\HRMProject\JavidHrm.sln]
C:\Users\HAMID-PC\Desktop\SampleProjects\HR.Manager\HRMProject\src\Presentation\JavidHrm.WebFramework\JavidHrm.WebFramework.csproj : error NU1301:   The SSL connection could not be established, see inner exception. [C:\Users\HAMID-PC\Desktop\SampleProjects\HR.Manager\HRMProject\JavidHrm.sln]
C:\Users\HAMID-PC\Desktop\SampleProjects\HR.Manager\HRMProject\src\Presentation\JavidHrm.WebFramework\JavidHrm.WebFramework.csproj : error NU1301:   Received an unexpected EOF or 0 bytes from the transport stream. [C:\Users\HAMID-PC\Desktop\SampleProjects\HR.Manager\HRMProject\JavidHrm.sln]
C:\Users\HAMID-PC\Desktop\SampleProjects\HR.Manager\HRMProject\src\Presentation\JavidHrm.WebFramework\JavidHrm.WebFramework.csproj : error NU1301: Unable to get repository signature information for source https://api.nuget.org/v3-index/repository-signatures/5.0.0/index.json. [C:\Users\HAMID-PC\Desktop\SampleProjects\HR.Manager\HRMProject\JavidHrm.sln]
C:\Users\HAMID-PC\Desktop\SampleProjects\HR.Manager\HRMProject\src\Presentation\JavidHrm.WebFramework\JavidHrm.WebFramework.csproj : error NU1301:   The SSL connection could not be established, see inner exception. [C:\Users\HAMID-PC\Desktop\SampleProjects\HR.Manager\HRMProject\JavidHrm.sln]
C:\Users\HAMID-PC\Desktop\SampleProjects\HR.Manager\HRMProject\src\Presentation\JavidHrm.WebFramework\JavidHrm.WebFramework.csproj : error NU1301:   Received an unexpected EOF or 0 bytes from the transport stream. [C:\Users\HAMID-PC\Desktop\SampleProjects\HR.Manager\HRMProject\JavidHrm.sln]
C:\Users\HAMID-PC\Desktop\SampleProjects\HR.Manager\HRMProject\src\Presentation\JavidHrm.WebFramework\JavidHrm.WebFramework.csproj : error NU1301: Unable to get repository signature information for source https://api.nuget.org/v3-index/repository-signatures/5.0.0/index.json. [C:\Users\HAMID-PC\Desktop\SampleProjects\HR.Manager\HRMProject\JavidHrm.sln]
C:\Users\HAMID-PC\Desktop\SampleProjects\HR.Manager\HRMProject\src\Presentation\JavidHrm.WebFramework\JavidHrm.WebFramework.csproj : error NU1301:   The SSL connection could not be established, see inner exception. [C:\Users\HAMID-PC\Desktop\SampleProjects\HR.Manager\HRMProject\JavidHrm.sln]
C:\Users\HAMID-PC\Desktop\SampleProjects\HR.Manager\HRMProject\src\Presentation\JavidHrm.WebFramework\JavidHrm.WebFramework.csproj : error NU1301:   Received an unexpected EOF or 0 bytes from the transport stream. [C:\Users\HAMID-PC\Desktop\SampleProjects\HR.Manager\HRMProject\JavidHrm.sln]
C:\Users\HAMID-PC\Desktop\SampleProjects\HR.Manager\HRMProject\src\Presentation\JavidHrm.WebFramework\JavidHrm.WebFramework.csproj : error NU1301: Unable to get repository signature information for source https://api.nuget.org/v3-index/repository-signatures/5.0.0/index.json. [C:\Users\HAMID-PC\Desktop\SampleProjects\HR.Manager\HRMProject\JavidHrm.sln]
C:\Users\HAMID-PC\Desktop\SampleProjects\HR.Manager\HRMProject\src\Presentation\JavidHrm.WebFramework\JavidHrm.WebFramework.csproj : error NU1301:   The SSL connection could not be established, see inner exception. [C:\Users\HAMID-PC\Desktop\SampleProjects\HR.Manager\HRMProject\JavidHrm.sln]
C:\Users\HAMID-PC\Desktop\SampleProjects\HR.Manager\HRMProject\src\Presentation\JavidHrm.WebFramework\JavidHrm.WebFramework.csproj : error NU1301:   Received an unexpected EOF or 0 bytes from the transport stream. [C:\Users\HAMID-PC\Desktop\SampleProjects\HR.Manager\HRMProject\JavidHrm.sln]
C:\Users\HAMID-PC\Desktop\SampleProjects\HR.Manager\HRMProject\src\Infrastructure\JavidHrm.Infrastructure\JavidHrm.Infrastructure.csproj : error NU1301: Unable to get repository signature information for source https://api.nuget.org/v3-index/repository-signatures/5.0.0/index.json. [C:\Users\HAMID-PC\Desktop\SampleProjects\HR.Manager\HRMProject\JavidHrm.sln]
C:\Users\HAMID-PC\Desktop\SampleProjects\HR.Manager\HRMProject\src\Infrastructure\JavidHrm.Infrastructure\JavidHrm.Infrastructure.csproj : error NU1301:   The SSL connection could not be established, see inner exception. [C:\Users\HAMID-PC\Desktop\SampleProjects\HR.Manager\HRMProject\JavidHrm.sln]
C:\Users\HAMID-PC\Desktop\SampleProjects\HR.Manager\HRMProject\src\Infrastructure\JavidHrm.Infrastructure\JavidHrm.Infrastructure.csproj : error NU1301:   Received an unexpected EOF or 0 bytes from the transport stream. [C:\Users\HAMID-PC\Desktop\SampleProjects\HR.Manager\HRMProject\JavidHrm.sln]
C:\Users\HAMID-PC\Desktop\SampleProjects\HR.Manager\HRMProject\src\Presentation\JavidHrm.WebFramework\JavidHrm.WebFramework.csproj : error NU1301: Unable to get repository signature information for source https://api.nuget.org/v3-index/repository-signatures/5.0.0/index.json. [C:\Users\HAMID-PC\Desktop\SampleProjects\HR.Manager\HRMProject\JavidHrm.sln]
C:\Users\HAMID-PC\Desktop\SampleProjects\HR.Manager\HRMProject\src\Presentation\JavidHrm.WebFramework\JavidHrm.WebFramework.csproj : error NU1301:   The SSL connection could not be established, see inner exception. [C:\Users\HAMID-PC\Desktop\SampleProjects\HR.Manager\HRMProject\JavidHrm.sln]
C:\Users\HAMID-PC\Desktop\SampleProjects\HR.Manager\HRMProject\src\Presentation\JavidHrm.WebFramework\JavidHrm.WebFramework.csproj : error NU1301:   Received an unexpected EOF or 0 bytes from the transport stream. [C:\Users\HAMID-PC\Desktop\SampleProjects\HR.Manager\HRMProject\JavidHrm.sln]
C:\Users\HAMID-PC\Desktop\SampleProjects\HR.Manager\HRMProject\src\Presentation\JavidHrm.WebFramework\JavidHrm.WebFramework.csproj : error NU1301: Unable to get repository signature information for source https://api.nuget.org/v3-index/repository-signatures/5.0.0/index.json. [C:\Users\HAMID-PC\Desktop\SampleProjects\HR.Manager\HRMProject\JavidHrm.sln]
C:\Users\HAMID-PC\Desktop\SampleProjects\HR.Manager\HRMProject\src\Presentation\JavidHrm.WebFramework\JavidHrm.WebFramework.csproj : error NU1301:   The SSL connection could not be established, see inner exception. [C:\Users\HAMID-PC\Desktop\SampleProjects\HR.Manager\HRMProject\JavidHrm.sln]
C:\Users\HAMID-PC\Desktop\SampleProjects\HR.Manager\HRMProject\src\Presentation\JavidHrm.WebFramework\JavidHrm.WebFramework.csproj : error NU1301:   Received an unexpected EOF or 0 bytes from the transport stream. [C:\Users\HAMID-PC\Desktop\SampleProjects\HR.Manager\HRMProject\JavidHrm.sln]
C:\Users\HAMID-PC\Desktop\SampleProjects\HR.Manager\HRMProject\src\Presentation\JavidHrm.Api\JavidHrm.Api.csproj : error NU1301: Unable to get repository signature information for source https://api.nuget.org/v3-index/repository-signatures/5.0.0/index.json. [C:\Users\HAMID-PC\Desktop\SampleProjects\HR.Manager\HRMProject\JavidHrm.sln]
C:\Users\HAMID-PC\Desktop\SampleProjects\HR.Manager\HRMProject\src\Presentation\JavidHrm.Api\JavidHrm.Api.csproj : error NU1301:   The SSL connection could not be established, see inner exception. [C:\Users\HAMID-PC\Desktop\SampleProjects\HR.Manager\HRMProject\JavidHrm.sln]
C:\Users\HAMID-PC\Desktop\SampleProjects\HR.Manager\HRMProject\src\Presentation\JavidHrm.Api\JavidHrm.Api.csproj : error NU1301:   Received an unexpected EOF or 0 bytes from the transport stream. [C:\Users\HAMID-PC\Desktop\SampleProjects\HR.Manager\HRMProject\JavidHrm.sln]
C:\Users\HAMID-PC\Desktop\SampleProjects\HR.Manager\HRMProject\src\Presentation\JavidHrm.WebFramework\JavidHrm.WebFramework.csproj : error NU1301: Unable to get repository signature information for source https://api.nuget.org/v3-index/repository-signatures/5.0.0/index.json. [C:\Users\HAMID-PC\Desktop\SampleProjects\HR.Manager\HRMProject\JavidHrm.sln]
C:\Users\HAMID-PC\Desktop\SampleProjects\HR.Manager\HRMProject\src\Presentation\JavidHrm.WebFramework\JavidHrm.WebFramework.csproj : error NU1301:   The SSL connection could not be established, see inner exception. [C:\Users\HAMID-PC\Desktop\SampleProjects\HR.Manager\HRMProject\JavidHrm.sln]
C:\Users\HAMID-PC\Desktop\SampleProjects\HR.Manager\HRMProject\src\Presentation\JavidHrm.WebFramework\JavidHrm.WebFramework.csproj : error NU1301:   Received an unexpected EOF or 0 bytes from the transport stream. [C:\Users\HAMID-PC\Desktop\SampleProjects\HR.Manager\HRMProject\JavidHrm.sln]
C:\Users\HAMID-PC\Desktop\SampleProjects\HR.Manager\HRMProject\src\Infrastructure\JavidHrm.Infrastructure\JavidHrm.Infrastructure.csproj : error NU1301: Unable to get repository signature information for source https://api.nuget.org/v3-index/repository-signatures/5.0.0/index.json. [C:\Users\HAMID-PC\Desktop\SampleProjects\HR.Manager\HRMProject\JavidHrm.sln]
C:\Users\HAMID-PC\Desktop\SampleProjects\HR.Manager\HRMProject\src\Infrastructure\JavidHrm.Infrastructure\JavidHrm.Infrastructure.csproj : error NU1301:   The SSL connection could not be established, see inner exception. [C:\Users\HAMID-PC\Desktop\SampleProjects\HR.Manager\HRMProject\JavidHrm.sln]
C:\Users\HAMID-PC\Desktop\SampleProjects\HR.Manager\HRMProject\src\Infrastructure\JavidHrm.Infrastructure\JavidHrm.Infrastructure.csproj : error NU1301:   Received an unexpected EOF or 0 bytes from the transport stream. [C:\Users\HAMID-PC\Desktop\SampleProjects\HR.Manager\HRMProject\JavidHrm.sln]
C:\Users\HAMID-PC\Desktop\SampleProjects\HR.Manager\HRMProject\src\Infrastructure\JavidHrm.Infrastructure\JavidHrm.Infrastructure.csproj : error NU1301: Unable to get repository signature information for source https://api.nuget.org/v3-index/repository-signatures/5.0.0/index.json. [C:\Users\HAMID-PC\Desktop\SampleProjects\HR.Manager\HRMProject\JavidHrm.sln]
C:\Users\HAMID-PC\Desktop\SampleProjects\HR.Manager\HRMProject\src\Infrastructure\JavidHrm.Infrastructure\JavidHrm.Infrastructure.csproj : error NU1301:   The SSL connection could not be established, see inner exception. [C:\Users\HAMID-PC\Desktop\SampleProjects\HR.Manager\HRMProject\JavidHrm.sln]
C:\Users\HAMID-PC\Desktop\SampleProjects\HR.Manager\HRMProject\src\Infrastructure\JavidHrm.Infrastructure\JavidHrm.Infrastructure.csproj : error NU1301:   Received an unexpected EOF or 0 bytes from the transport stream. [C:\Users\HAMID-PC\Desktop\SampleProjects\HR.Manager\HRMProject\JavidHrm.sln]
C:\Users\HAMID-PC\Desktop\SampleProjects\HR.Manager\HRMProject\src\Infrastructure\JavidHrm.Infrastructure\JavidHrm.Infrastructure.csproj : error NU1301: Unable to get repository signature information for source https://api.nuget.org/v3-index/repository-signatures/5.0.0/index.json. [C:\Users\HAMID-PC\Desktop\SampleProjects\HR.Manager\HRMProject\JavidHrm.sln]
C:\Users\HAMID-PC\Desktop\SampleProjects\HR.Manager\HRMProject\src\Infrastructure\JavidHrm.Infrastructure\JavidHrm.Infrastructure.csproj : error NU1301:   The SSL connection could not be established, see inner exception. [C:\Users\HAMID-PC\Desktop\SampleProjects\HR.Manager\HRMProject\JavidHrm.sln]
C:\Users\HAMID-PC\Desktop\SampleProjects\HR.Manager\HRMProject\src\Infrastructure\JavidHrm.Infrastructure\JavidHrm.Infrastructure.csproj : error NU1301:   Received an unexpected EOF or 0 bytes from the transport stream. [C:\Users\HAMID-PC\Desktop\SampleProjects\HR.Manager\HRMProject\JavidHrm.sln]
C:\Users\HAMID-PC\Desktop\SampleProjects\HR.Manager\HRMProject\src\Infrastructure\JavidHrm.Infrastructure\JavidHrm.Infrastructure.csproj : error NU1301: Unable to get repository signature information for source https://api.nuget.org/v3-index/repository-signatures/5.0.0/index.json. [C:\Users\HAMID-PC\Desktop\SampleProjects\HR.Manager\HRMProject\JavidHrm.sln]
C:\Users\HAMID-PC\Desktop\SampleProjects\HR.Manager\HRMProject\src\Infrastructure\JavidHrm.Infrastructure\JavidHrm.Infrastructure.csproj : error NU1301:   The SSL connection could not be established, see inner exception. [C:\Users\HAMID-PC\Desktop\SampleProjects\HR.Manager\HRMProject\JavidHrm.sln]
C:\Users\HAMID-PC\Desktop\SampleProjects\HR.Manager\HRMProject\src\Infrastructure\JavidHrm.Infrastructure\JavidHrm.Infrastructure.csproj : error NU1301:   Received an unexpected EOF or 0 bytes from the transport stream. [C:\Users\HAMID-PC\Desktop\SampleProjects\HR.Manager\HRMProject\JavidHrm.sln]
C:\Users\HAMID-PC\Desktop\SampleProjects\HR.Manager\HRMProject\src\Infrastructure\JavidHrm.Infrastructure\JavidHrm.Infrastructure.csproj : error NU1301: Unable to get repository signature information for source https://api.nuget.org/v3-index/repository-signatures/5.0.0/index.json. [C:\Users\HAMID-PC\Desktop\SampleProjects\HR.Manager\HRMProject\JavidHrm.sln]
C:\Users\HAMID-PC\Desktop\SampleProjects\HR.Manager\HRMProject\src\Infrastructure\JavidHrm.Infrastructure\JavidHrm.Infrastructure.csproj : error NU1301:   The SSL connection could not be established, see inner exception. [C:\Users\HAMID-PC\Desktop\SampleProjects\HR.Manager\HRMProject\JavidHrm.sln]
C:\Users\HAMID-PC\Desktop\SampleProjects\HR.Manager\HRMProject\src\Infrastructure\JavidHrm.Infrastructure\JavidHrm.Infrastructure.csproj : error NU1301:   Received an unexpected EOF or 0 bytes from the transport stream. [C:\Users\HAMID-PC\Desktop\SampleProjects\HR.Manager\HRMProject\JavidHrm.sln]
C:\Users\HAMID-PC\Desktop\SampleProjects\HR.Manager\HRMProject\src\Infrastructure\JavidHrm.Infrastructure\JavidHrm.Infrastructure.csproj : error NU1301: Unable to get repository signature information for source https://api.nuget.org/v3-index/repository-signatures/5.0.0/index.json. [C:\Users\HAMID-PC\Desktop\SampleProjects\HR.Manager\HRMProject\JavidHrm.sln]
C:\Users\HAMID-PC\Desktop\SampleProjects\HR.Manager\HRMProject\src\Infrastructure\JavidHrm.Infrastructure\JavidHrm.Infrastructure.csproj : error NU1301:   The SSL connection could not be established, see inner exception. [C:\Users\HAMID-PC\Desktop\SampleProjects\HR.Manager\HRMProject\JavidHrm.sln]
C:\Users\HAMID-PC\Desktop\SampleProjects\HR.Manager\HRMProject\src\Infrastructure\JavidHrm.Infrastructure\JavidHrm.Infrastructure.csproj : error NU1301:   Received an unexpected EOF or 0 bytes from the transport stream. [C:\Users\HAMID-PC\Desktop\SampleProjects\HR.Manager\HRMProject\JavidHrm.sln]
C:\Users\HAMID-PC\Desktop\SampleProjects\HR.Manager\HRMProject\src\Infrastructure\JavidHrm.Infrastructure\JavidHrm.Infrastructure.csproj : error NU1301: Unable to get repository signature information for source https://api.nuget.org/v3-index/repository-signatures/5.0.0/index.json. [C:\Users\HAMID-PC\Desktop\SampleProjects\HR.Manager\HRMProject\JavidHrm.sln]
C:\Users\HAMID-PC\Desktop\SampleProjects\HR.Manager\HRMProject\src\Infrastructure\JavidHrm.Infrastructure\JavidHrm.Infrastructure.csproj : error NU1301:   The SSL connection could not be established, see inner exception. [C:\Users\HAMID-PC\Desktop\SampleProjects\HR.Manager\HRMProject\JavidHrm.sln]
C:\Users\HAMID-PC\Desktop\SampleProjects\HR.Manager\HRMProject\src\Infrastructure\JavidHrm.Infrastructure\JavidHrm.Infrastructure.csproj : error NU1301:   Received an unexpected EOF or 0 bytes from the transport stream. [C:\Users\HAMID-PC\Desktop\SampleProjects\HR.Manager\HRMProject\JavidHrm.sln]
C:\Users\HAMID-PC\Desktop\SampleProjects\HR.Manager\HRMProject\src\Infrastructure\JavidHrm.Infrastructure\JavidHrm.Infrastructure.csproj : error NU1301: Unable to get repository signature information for source https://api.nuget.org/v3-index/repository-signatures/5.0.0/index.json. [C:\Users\HAMID-PC\Desktop\SampleProjects\HR.Manager\HRMProject\JavidHrm.sln]
C:\Users\HAMID-PC\Desktop\SampleProjects\HR.Manager\HRMProject\src\Infrastructure\JavidHrm.Infrastructure\JavidHrm.Infrastructure.csproj : error NU1301:   The SSL connection could not be established, see inner exception. [C:\Users\HAMID-PC\Desktop\SampleProjects\HR.Manager\HRMProject\JavidHrm.sln]
C:\Users\HAMID-PC\Desktop\SampleProjects\HR.Manager\HRMProject\src\Infrastructure\JavidHrm.Infrastructure\JavidHrm.Infrastructure.csproj : error NU1301:   Received an unexpected EOF or 0 bytes from the transport stream. [C:\Users\HAMID-PC\Desktop\SampleProjects\HR.Manager\HRMProject\JavidHrm.sln]
C:\Users\HAMID-PC\Desktop\SampleProjects\HR.Manager\HRMProject\src\Infrastructure\JavidHrm.Infrastructure\JavidHrm.Infrastructure.csproj : error NU1301: Unable to get repository signature information for source https://api.nuget.org/v3-index/repository-signatures/5.0.0/index.json. [C:\Users\HAMID-PC\Desktop\SampleProjects\HR.Manager\HRMProject\JavidHrm.sln]
C:\Users\HAMID-PC\Desktop\SampleProjects\HR.Manager\HRMProject\src\Infrastructure\JavidHrm.Infrastructure\JavidHrm.Infrastructure.csproj : error NU1301:   The SSL connection could not be established, see inner exception. [C:\Users\HAMID-PC\Desktop\SampleProjects\HR.Manager\HRMProject\JavidHrm.sln]
C:\Users\HAMID-PC\Desktop\SampleProjects\HR.Manager\HRMProject\src\Infrastructure\JavidHrm.Infrastructure\JavidHrm.Infrastructure.csproj : error NU1301:   Received an unexpected EOF or 0 bytes from the transport stream. [C:\Users\HAMID-PC\Desktop\SampleProjects\HR.Manager\HRMProject\JavidHrm.sln]
C:\Users\HAMID-PC\Desktop\SampleProjects\HR.Manager\HRMProject\src\Infrastructure\JavidHrm.Infrastructure\JavidHrm.Infrastructure.csproj : error NU1301: Unable to get repository signature information for source https://api.nuget.org/v3-index/repository-signatures/5.0.0/index.json. [C:\Users\HAMID-PC\Desktop\SampleProjects\HR.Manager\HRMProject\JavidHrm.sln]
C:\Users\HAMID-PC\Desktop\SampleProjects\HR.Manager\HRMProject\src\Infrastructure\JavidHrm.Infrastructure\JavidHrm.Infrastructure.csproj : error NU1301:   The SSL connection could not be established, see inner exception. [C:\Users\HAMID-PC\Desktop\SampleProjects\HR.Manager\HRMProject\JavidHrm.sln]
C:\Users\HAMID-PC\Desktop\SampleProjects\HR.Manager\HRMProject\src\Infrastructure\JavidHrm.Infrastructure\JavidHrm.Infrastructure.csproj : error NU1301:   Received an unexpected EOF or 0 bytes from the transport stream. [C:\Users\HAMID-PC\Desktop\SampleProjects\HR.Manager\HRMProject\JavidHrm.sln]
C:\Users\HAMID-PC\Desktop\SampleProjects\HR.Manager\HRMProject\src\Presentation\JavidHrm.Api\JavidHrm.Api.csproj : error NU1301: Unable to get repository signature information for source https://api.nuget.org/v3-index/repository-signatures/5.0.0/index.json. [C:\Users\HAMID-PC\Desktop\SampleProjects\HR.Manager\HRMProject\JavidHrm.sln]
C:\Users\HAMID-PC\Desktop\SampleProjects\HR.Manager\HRMProject\src\Presentation\JavidHrm.Api\JavidHrm.Api.csproj : error NU1301:   The SSL connection could not be established, see inner exception. [C:\Users\HAMID-PC\Desktop\SampleProjects\HR.Manager\HRMProject\JavidHrm.sln]
C:\Users\HAMID-PC\Desktop\SampleProjects\HR.Manager\HRMProject\src\Presentation\JavidHrm.Api\JavidHrm.Api.csproj : error NU1301:   Received an unexpected EOF or 0 bytes from the transport stream. [C:\Users\HAMID-PC\Desktop\SampleProjects\HR.Manager\HRMProject\JavidHrm.sln]
C:\Users\HAMID-PC\Desktop\SampleProjects\HR.Manager\HRMProject\src\Infrastructure\JavidHrm.Infrastructure\JavidHrm.Infrastructure.csproj : error NU1301: Unable to get repository signature information for source https://api.nuget.org/v3-index/repository-signatures/5.0.0/index.json. [C:\Users\HAMID-PC\Desktop\SampleProjects\HR.Manager\HRMProject\JavidHrm.sln]
C:\Users\HAMID-PC\Desktop\SampleProjects\HR.Manager\HRMProject\src\Infrastructure\JavidHrm.Infrastructure\JavidHrm.Infrastructure.csproj : error NU1301:   The SSL connection could not be established, see inner exception. [C:\Users\HAMID-PC\Desktop\SampleProjects\HR.Manager\HRMProject\JavidHrm.sln]
C:\Users\HAMID-PC\Desktop\SampleProjects\HR.Manager\HRMProject\src\Infrastructure\JavidHrm.Infrastructure\JavidHrm.Infrastructure.csproj : error NU1301:   Received an unexpected EOF or 0 bytes from the transport stream. [C:\Users\HAMID-PC\Desktop\SampleProjects\HR.Manager\HRMProject\JavidHrm.sln]
C:\Users\HAMID-PC\Desktop\SampleProjects\HR.Manager\HRMProject\src\Core\JavidHrm.Application\JavidHrm.Application.csproj : error NU1301: Unable to get repository signature information for source https://api.nuget.org/v3-index/repository-signatures/5.0.0/index.json. [C:\Users\HAMID-PC\Desktop\SampleProjects\HR.Manager\HRMProject\JavidHrm.sln]
C:\Users\HAMID-PC\Desktop\SampleProjects\HR.Manager\HRMProject\src\Core\JavidHrm.Application\JavidHrm.Application.csproj : error NU1301:   The SSL connection could not be established, see inner exception. [C:\Users\HAMID-PC\Desktop\SampleProjects\HR.Manager\HRMProject\JavidHrm.sln]
C:\Users\HAMID-PC\Desktop\SampleProjects\HR.Manager\HRMProject\src\Core\JavidHrm.Application\JavidHrm.Application.csproj : error NU1301:   Received an unexpected EOF or 0 bytes from the transport stream. [C:\Users\HAMID-PC\Desktop\SampleProjects\HR.Manager\HRMProject\JavidHrm.sln]
C:\Users\HAMID-PC\Desktop\SampleProjects\HR.Manager\HRMProject\src\Core\JavidHrm.Application\JavidHrm.Application.csproj : error NU1301: Unable to get repository signature information for source https://api.nuget.org/v3-index/repository-signatures/5.0.0/index.json. [C:\Users\HAMID-PC\Desktop\SampleProjects\HR.Manager\HRMProject\JavidHrm.sln]
C:\Users\HAMID-PC\Desktop\SampleProjects\HR.Manager\HRMProject\src\Core\JavidHrm.Application\JavidHrm.Application.csproj : error NU1301:   The SSL connection could not be established, see inner exception. [C:\Users\HAMID-PC\Desktop\SampleProjects\HR.Manager\HRMProject\JavidHrm.sln]
C:\Users\HAMID-PC\Desktop\SampleProjects\HR.Manager\HRMProject\src\Core\JavidHrm.Application\JavidHrm.Application.csproj : error NU1301:   Received an unexpected EOF or 0 bytes from the transport stream. [C:\Users\HAMID-PC\Desktop\SampleProjects\HR.Manager\HRMProject\JavidHrm.sln]
C:\Users\HAMID-PC\Desktop\SampleProjects\HR.Manager\HRMProject\src\Core\JavidHrm.Application\JavidHrm.Application.csproj : error NU1301: Unable to get repository signature information for source https://api.nuget.org/v3-index/repository-signatures/5.0.0/index.json. [C:\Users\HAMID-PC\Desktop\SampleProjects\HR.Manager\HRMProject\JavidHrm.sln]
C:\Users\HAMID-PC\Desktop\SampleProjects\HR.Manager\HRMProject\src\Core\JavidHrm.Application\JavidHrm.Application.csproj : error NU1301:   The SSL connection could not be established, see inner exception. [C:\Users\HAMID-PC\Desktop\SampleProjects\HR.Manager\HRMProject\JavidHrm.sln]
C:\Users\HAMID-PC\Desktop\SampleProjects\HR.Manager\HRMProject\src\Core\JavidHrm.Application\JavidHrm.Application.csproj : error NU1301:   Received an unexpected EOF or 0 bytes from the transport stream. [C:\Users\HAMID-PC\Desktop\SampleProjects\HR.Manager\HRMProject\JavidHrm.sln]
C:\Users\HAMID-PC\Desktop\SampleProjects\HR.Manager\HRMProject\src\Core\JavidHrm.Application\JavidHrm.Application.csproj : error NU1301: Unable to get repository signature information for source https://api.nuget.org/v3-index/repository-signatures/5.0.0/index.json. [C:\Users\HAMID-PC\Desktop\SampleProjects\HR.Manager\HRMProject\JavidHrm.sln]
C:\Users\HAMID-PC\Desktop\SampleProjects\HR.Manager\HRMProject\src\Core\JavidHrm.Application\JavidHrm.Application.csproj : error NU1301:   The SSL connection could not be established, see inner exception. [C:\Users\HAMID-PC\Desktop\SampleProjects\HR.Manager\HRMProject\JavidHrm.sln]
C:\Users\HAMID-PC\Desktop\SampleProjects\HR.Manager\HRMProject\src\Core\JavidHrm.Application\JavidHrm.Application.csproj : error NU1301:   Received an unexpected EOF or 0 bytes from the transport stream. [C:\Users\HAMID-PC\Desktop\SampleProjects\HR.Manager\HRMProject\JavidHrm.sln]
C:\Users\HAMID-PC\Desktop\SampleProjects\HR.Manager\HRMProject\src\Core\JavidHrm.Application\JavidHrm.Application.csproj : error NU1301: Unable to get repository signature information for source https://api.nuget.org/v3-index/repository-signatures/5.0.0/index.json. [C:\Users\HAMID-PC\Desktop\SampleProjects\HR.Manager\HRMProject\JavidHrm.sln]
C:\Users\HAMID-PC\Desktop\SampleProjects\HR.Manager\HRMProject\src\Core\JavidHrm.Application\JavidHrm.Application.csproj : error NU1301:   The SSL connection could not be established, see inner exception. [C:\Users\HAMID-PC\Desktop\SampleProjects\HR.Manager\HRMProject\JavidHrm.sln]
C:\Users\HAMID-PC\Desktop\SampleProjects\HR.Manager\HRMProject\src\Core\JavidHrm.Application\JavidHrm.Application.csproj : error NU1301:   Received an unexpected EOF or 0 bytes from the transport stream. [C:\Users\HAMID-PC\Desktop\SampleProjects\HR.Manager\HRMProject\JavidHrm.sln]
C:\Users\HAMID-PC\Desktop\SampleProjects\HR.Manager\HRMProject\src\Presentation\JavidHrm.Api\JavidHrm.Api.csproj : error NU1301: Unable to get repository signature information for source https://api.nuget.org/v3-index/repository-signatures/5.0.0/index.json. [C:\Users\HAMID-PC\Desktop\SampleProjects\HR.Manager\HRMProject\JavidHrm.sln]
C:\Users\HAMID-PC\Desktop\SampleProjects\HR.Manager\HRMProject\src\Presentation\JavidHrm.Api\JavidHrm.Api.csproj : error NU1301:   The SSL connection could not be established, see inner exception. [C:\Users\HAMID-PC\Desktop\SampleProjects\HR.Manager\HRMProject\JavidHrm.sln]
C:\Users\HAMID-PC\Desktop\SampleProjects\HR.Manager\HRMProject\src\Presentation\JavidHrm.Api\JavidHrm.Api.csproj : error NU1301:   Received an unexpected EOF or 0 bytes from the transport stream. [C:\Users\HAMID-PC\Desktop\SampleProjects\HR.Manager\HRMProject\JavidHrm.sln]
C:\Users\HAMID-PC\Desktop\SampleProjects\HR.Manager\HRMProject\src\Presentation\JavidHrm.Api\JavidHrm.Api.csproj : error NU1301: Unable to get repository signature information for source https://api.nuget.org/v3-index/repository-signatures/5.0.0/index.json. [C:\Users\HAMID-PC\Desktop\SampleProjects\HR.Manager\HRMProject\JavidHrm.sln]
C:\Users\HAMID-PC\Desktop\SampleProjects\HR.Manager\HRMProject\src\Presentation\JavidHrm.Api\JavidHrm.Api.csproj : error NU1301:   The SSL connection could not be established, see inner exception. [C:\Users\HAMID-PC\Desktop\SampleProjects\HR.Manager\HRMProject\JavidHrm.sln]
C:\Users\HAMID-PC\Desktop\SampleProjects\HR.Manager\HRMProject\src\Presentation\JavidHrm.Api\JavidHrm.Api.csproj : error NU1301:   Received an unexpected EOF or 0 bytes from the transport stream. [C:\Users\HAMID-PC\Desktop\SampleProjects\HR.Manager\HRMProject\JavidHrm.sln]
C:\Users\HAMID-PC\Desktop\SampleProjects\HR.Manager\HRMProject\src\Cross-Cutting\JavidHrm.Common\JavidHrm.Common.csproj : error NU1301: Unable to get repository signature information for source https://api.nuget.org/v3-index/repository-signatures/5.0.0/index.json. [C:\Users\HAMID-PC\Desktop\SampleProjects\HR.Manager\HRMProject\JavidHrm.sln]
C:\Users\HAMID-PC\Desktop\SampleProjects\HR.Manager\HRMProject\src\Cross-Cutting\JavidHrm.Common\JavidHrm.Common.csproj : error NU1301:   The SSL connection could not be established, see inner exception. [C:\Users\HAMID-PC\Desktop\SampleProjects\HR.Manager\HRMProject\JavidHrm.sln]
C:\Users\HAMID-PC\Desktop\SampleProjects\HR.Manager\HRMProject\src\Cross-Cutting\JavidHrm.Common\JavidHrm.Common.csproj : error NU1301:   Received an unexpected EOF or 0 bytes from the transport stream. [C:\Users\HAMID-PC\Desktop\SampleProjects\HR.Manager\HRMProject\JavidHrm.sln]
C:\Users\HAMID-PC\Desktop\SampleProjects\HR.Manager\HRMProject\src\Presentation\JavidHrm.Api\JavidHrm.Api.csproj : error NU1301: Unable to get repository signature information for source https://api.nuget.org/v3-index/repository-signatures/5.0.0/index.json. [C:\Users\HAMID-PC\Desktop\SampleProjects\HR.Manager\HRMProject\JavidHrm.sln]
C:\Users\HAMID-PC\Desktop\SampleProjects\HR.Manager\HRMProject\src\Presentation\JavidHrm.Api\JavidHrm.Api.csproj : error NU1301:   The SSL connection could not be established, see inner exception. [C:\Users\HAMID-PC\Desktop\SampleProjects\HR.Manager\HRMProject\JavidHrm.sln]
C:\Users\HAMID-PC\Desktop\SampleProjects\HR.Manager\HRMProject\src\Presentation\JavidHrm.Api\JavidHrm.Api.csproj : error NU1301:   Received an unexpected EOF or 0 bytes from the transport stream. [C:\Users\HAMID-PC\Desktop\SampleProjects\HR.Manager\HRMProject\JavidHrm.sln]
    0 Warning(s)
    40 Error(s)

Time Elapsed 00:01:10.15
EXIT:1
